Command line invocation:
    /Applications/Xcode.app/Contents/Developer/usr/bin/xcodebuild build -project FridgeManager.xcodeproj -scheme FridgeManager -configuration Debug -destination "platform=iOS Simulator,id=60648CFD-A7BC-454B-A80C-74170AC32C7D" -derivedDataPath ./build/derivedData

2026-02-21 13:38:18.791 xcodebuild[25652:496817] [MT] IDERunDestination: Supported platforms for the buildables in the current scheme is empty.
2026-02-21 13:39:18.982 xcodebuild[25652:496817] Writing error result bundle to /var/folders/kt/m_rtgb2s5nn7js3w8syxf5nw0000gn/T/ResultBundle_2026-21-02_13-39-0018.xcresult
xcodebuild: error: Unable to find a device matching the provided destination specifier:
		{ platform:iOS Simulator, id:60648CFD-A7BC-454B-A80C-74170AC32C7D }

	The requested device could not be found because no available devices matched the request.

	Available destinations for the "FridgeManager" scheme:
		{ platform:macOS, arch:arm64, variant:Designed for [iPad,iPhone], id:00008103-000D78E93C31001E, name:My Mac }
		{ platform:iOS, id:dvtdevice-DVTiPhonePlaceholder-iphoneos:placeholder, name:Any iOS Device }
		{ platform:iOS Simulator, id:dvtdevice-DVTiOSDeviceSimulatorPlaceholder-iphonesimulator:placeholder, name:Any iOS Simulator Device }
